[g4brycsca41010.wixsite.com/ilmiosito.html]
[static.parastorage.com/services/wix-thunderbolt/dist/originTrials.41d7301a.bundle.min.js]
[static.parastorage.com/unpkg/core-js-bundle@3.2.1/minified.js]
[static.parastorage.com/unpkg/focus-within-polyfill@5.0.9/dist/focus-within-polyfill.js]
[backblue.gif]
[fade.gif]
[index.html]
[polyfill.io/v3/polyfill.mind82c.js]
[static.parastorage.com/services/editor-elements-library/dist/thunderbolt/media/ironpatern.84ec58ff.png]
[g4brycsca41010.wixsite.com/index.html]
[g4brycsca41010.wixsite.com/ilmiosito/about.html]
[g4brycsca41010.wixsite.com/ilmiosito/copia-di-storia.html]
[static.wixstatic.com/media/4c068e_6d75093cc6724ddfa3e73ecdd6ded6a4_mv2.jpg/v1/fill/w_1055,h_704,al_c,q_85,usm_0.66_1.00_0.01,enc_auto/image-from-rawpixel-id-6130364-jpeg.jpg]
[static.wixstatic.com/media/4c068e_25f663873e89490eb325e9f7b2ea6aa1_mv2.jpg/v1/crop/x_24,y_0,w_690,h_899/fill/w_412,h_537,al_c,q_80,usm_0.66_1.00_0.01,enc_au/David_-_Napoleon_crossing_the_Alps_-_Malmaison2.9.d]
[g4brycsca41010.wixsite.com/ilmiosito/faq.html]
[browser.sentry-cdn.com/6.18.2/bundle.min.js]
[g4brycsca41010.wixsite.com/sitemap.c.delayed]
[g4brycsca41010.wixsite.com/feed.d.delayed]
[g4brycsca41010.wixsite.com/${n.e.delayed]
[static.parastorage.com/services/wix-thunderbolt/dist/thunderbolt-commons.40c6479e.bundle.min.js]
[static.parastorage.com/services/wix-thunderbolt/dist/main.869bc86c.bundle.min.js]
[static.parastorage.com/services/wix-thunderbolt/dist/main.renderer.1d21f023.bundle.min.js]
[static.parastorage.com/unpkg/lodash@4.17.21/lodash.min.js]
[static.parastorage.com/unpkg/react@18.2.0/umd/react.production.min.js]
[static.parastorage.com/unpkg/react-dom@18.2.0/umd/react-dom.production.min.js]
[g4brycsca41010.wixsite.com/decodeURIComponent(e.15.delayed]
[static.parastorage.com/services/tag-manager-client/1.827.0/siteTags.bundle.min.js]
[g4brycsca41010.wixsite.com/ilmiosito.html]
[g4brycsca41010.wixsite.com/index.html]
[static.parastorage.com/services/wix-perf-measure/1.1095.0/wix-perf-measure.umd.min.js]
[static.wixstatic.com/media/4c068e_6d75093cc6724ddfa3e73ecdd6ded6a4_mv2.jpg/v1/fill/w_1028,h_686,al_c,q_85,usm_0.66_1.00_0.01,enc_auto/image-from-rawpixel-id-6130364-jpeg.jpg]
[static.wixstatic.com/media/4c068e_0845f4957c9b43b7a9f4ee9e361ab8c8_mv2.jpg/v1/fill/w_558,h_372,al_c,q_80,usm_0.66_1.00_0.01,enc_auto/image-from-rawpixel-id-6130364-jpeg_edit.jpg]
[static.wixstatic.com/media/4c068e_6d75093cc6724ddfa3e73ecdd6ded6a4_mv2.jpg/v1/fill/w_558,h_372,al_c,q_80,usm_0.66_1.00_0.01,enc_auto/image-from-rawpixel-id-6130364-jpeg.jpg]
[static.wixstatic.com/media/4c068e_027ded8e0f8f4c158a018722b17d581e_mv2.jpg/v1/fill/w_558,h_372,al_c,q_80,usm_0.66_1.00_0.01,enc_auto/image-from-rawpixel-id-6130364-jpeg_edit.jpg]
[static.wixstatic.com/media/4c068e_0845f4957c9b43b7a9f4ee9e361ab8c8_mv2.jpg/v1/fill/w_100,h_67,al_c,q_80,usm_0.66_1.00_0.01,blur_2,enc_auto/image-from-rawpixel-id-6130364-jpeg_edit.jpg]
[static.wixstatic.com/media/4c068e_489de82795444ada8a2b92abf1117a28_mv2.jpg/v1/fill/w_100,h_67,al_c,q_80,usm_0.66_1.00_0.01,blur_2,enc_auto/image-from-rawpixel-id-6130364-jpeg_edit.html]
[g4brycsca41010.wixsite.com/ilmiosito/about.html]
[g4brycsca41010.wixsite.com/ilmiosito/copia-di-storia.html]
[g4brycsca41010.wixsite.com/ilmiosito/faq.html]
[g4brycsca41010.wixsite.com/sitemap.html]
[g4brycsca41010.wixsite.com/feed.html]
[g4brycsca41010.wixsite.com/${n.html]
[g4brycsca41010.wixsite.com/decodeURIComponent(e.html]
